[www.iranrising.info/index.html]
[www.iranrising.info/qr-code.png]
[www.iranrising.info/card-10.png]
[www.iranrising.info/card-1.png]
[www.iranrising.info/card-2.png]
[www.iranrising.info/card-3.png]
[www.iranrising.info/card-4.png]
[www.iranrising.info/card-5.png]
[www.iranrising.info/card-6.png]
[www.iranrising.info/card-7.png]
[www.iranrising.info/card-8.png]
[www.iranrising.info/_next/static/css/30bc00ca6bcf7f54.css]
[www.iranrising.info/_next/static/chunks/webpack-8658fdbc42bfbbae.js]
[www.iranrising.info/_next/static/chunks/fd9d1056-f8a2d551cbb94c85.js]
[www.iranrising.info/_next/static/chunks/117-be41adf1fae85377.js]
[www.iranrising.info/_next/static/chunks/main-app-898e1bb1d012966c.js]
[www.iranrising.info/_next/static/chunks/app/page-d549102d3e871ab1.js]
[www.iranrising.info/_next/static/chunks/app/layout-6b94bcf2f0c44408.js]
[www.iranrising.info/_next/static/chunks/972-0f1790c0da4ba333.js]
[www.iranrising.info/_next/static/chunks/app/not-found-14deb47606e697c2.js]
[www.iranrising.info/card-9.png]
[backblue.gif]
[fade.gif]
[index.html]
[www.iranrising.info/favicon.png]
[www.iranrising.info/_next/static/chunks/polyfills-42372ed130431b0a.js]
[www.iranrising.info/iran-rising-poster.png]
[www.iranrising.info/index.html]
[www.iranrising.info/_next/static/css/30bc00ca6bcf7f54.css]
[ww17.your-domain.com/logo.html]
[ww17.your-domain.com/logo.html]
